2026-09-23T16:08:15.856Z  INFO 1 --- [main] com.structurizr.server.Local             : ***********************************************************************************
2026-09-23T16:08:15.862Z  INFO 1 --- [main] com.structurizr.server.Local             :   _____ _                   _              _          
2026-09-23T16:08:15.862Z  INFO 1 --- [main] com.structurizr.server.Local             :  / ____| |                 | |            (_)         
2026-09-23T16:08:15.863Z  INFO 1 --- [main] com.structurizr.server.Local             : | (___ | |_ _ __ _   _  ___| |_ _   _ _ __ _ _____ __ 
2026-09-23T16:08:15.863Z  INFO 1 --- [main] com.structurizr.server.Local             :  \___ \| __| '__| | | |/ __| __| | | | '__| |_  / '__|
2026-09-23T16:08:15.863Z  INFO 1 --- [main] com.structurizr.server.Local             :  ____) | |_| |  | |_| | (__| |_| |_| | |  | |/ /| |   
2026-09-23T16:08:15.863Z  INFO 1 --- [main] com.structurizr.server.Local             : |_____/ \__|_|   \__,_|\___|\__|\__,_|_|  |_/___|_|   
2026-09-23T16:08:15.864Z  INFO 1 --- [main] com.structurizr.server.Local             :                                                       
2026-09-23T16:08:15.866Z  INFO 1 --- [main] com.structurizr.server.Local             : Local v2026.09.19
2026-09-23T16:08:15.866Z  INFO 1 --- [main] com.structurizr.server.Local             : ***********************************************************************************
2026-09-23T16:08:15.868Z  INFO 1 --- [main] com.structurizr.server.Local             :  - structurizr.authentication: none
2026-09-23T16:08:15.869Z  INFO 1 --- [main] com.structurizr.server.Local             :  - structurizr.autorefreshinterval: 0
2026-09-23T16:08:15.870Z  INFO 1 --- [main] com.structurizr.server.Local             :  - structurizr.autosaveinterval: 5000
2026-09-23T16:08:15.872Z  INFO 1 --- [main] com.structurizr.server.Local             :  - structurizr.cache: none
2026-09-23T16:08:15.873Z  INFO 1 --- [main] com.structurizr.server.Local             :  - structurizr.data: file
2026-09-23T16:08:15.874Z  INFO 1 --- [main] com.structurizr.server.Local             :  - structurizr.datadirectory: /usr/local/structurizr
2026-09-23T16:08:15.875Z  INFO 1 --- [main] com.structurizr.server.Local             :  - structurizr.debug: false
2026-09-23T16:08:15.875Z  INFO 1 --- [main] com.structurizr.server.Local             :  - structurizr.editable: true
2026-09-23T16:08:15.876Z  INFO 1 --- [main] com.structurizr.server.Local             :  - structurizr.logging.filename: /usr/local/structurizr/.structurizr/logs/structurizr.log
2026-09-23T16:08:15.877Z  INFO 1 --- [main] com.structurizr.server.Local             :  - structurizr.network.timeout: 60000
2026-09-23T16:08:15.878Z  INFO 1 --- [main] com.structurizr.server.Local             :  - structurizr.network.urls.allowed: .*
2026-09-23T16:08:15.878Z  INFO 1 --- [main] com.structurizr.server.Local             :  - structurizr.search: lucene
2026-09-23T16:08:15.879Z  INFO 1 --- [main] com.structurizr.server.Local             :  - structurizr.themes: /usr/local/structurizr/themes/
2026-09-23T16:08:15.880Z  INFO 1 --- [main] com.structurizr.server.Local             :  - structurizr.workspace.maxsize: 1MB
2026-09-23T16:08:15.880Z  INFO 1 --- [main] com.structurizr.server.Local             :  - structurizr.workspace.threads: 10
2026-09-23T16:08:15.881Z  INFO 1 --- [main] com.structurizr.server.Local             :  - structurizr.workspaces: 1
2026-09-23T16:08:15.881Z  INFO 1 --- [main] com.structurizr.server.Local             : ***********************************************************************************
2026-09-23T16:08:15.882Z  INFO 1 --- [main] com.structurizr.server.Local             : Themes:
2026-09-23T16:08:15.883Z  INFO 1 --- [main] com.structurizr.server.Local             : ***********************************************************************************
2026-09-23T16:08:34.736Z  WARN 1 --- [pool-4-thread-1] c.s.server.web.search.SearchIndexer      : Error indexing workspace with ID 1

com.structurizr.server.component.workspace.WorkspaceComponentException: com.structurizr.dsl.StructurizrDslParserException: Too many tokens, expected: person <name> [description] [tags] at line 21 of /usr/local/structurizr/workspace.dsl: customer     = person "Customer"            "End-user browsing, purchasing, and tracking orders."        { tags "External" }
	at com.structurizr.server.component.workspace.LocalFileSystemWorkspaceAdapter.loadWorkspace(LocalFileSystemWorkspaceAdapter.java:70) ~[!/:2026.09.19]
	at com.structurizr.server.component.workspace.LocalFileSystemWorkspaceAdapter.getWorkspace(LocalFileSystemWorkspaceAdapter.java:151) ~[!/:2026.09.19]
	at com.structurizr.server.component.workspace.WorkspaceComponentImpl.getWorkspace(WorkspaceComponentImpl.java:206) ~[!/:2026.09.19]
	at com.structurizr.server.web.search.SearchIndexer.lambda$rebuildSearchIndex$0(SearchIndexer.java:52) ~[!/:2026.09.19]
	at java.base/java.util.concurrent.Executors$RunnableAdapter.call(Unknown Source) ~[na:na]
	at java.base/java.util.concurrent.FutureTask.run(Unknown Source) ~[na:na]
	at java.base/java.util.concurrent.ThreadPoolExecutor.runWorker(Unknown Source) ~[na:na]
	at java.base/java.util.concurrent.ThreadPoolExecutor$Worker.run(Unknown Source) ~[na:na]
	at java.base/java.lang.Thread.run(Unknown Source) ~[na:na]
Caused by: com.structurizr.dsl.StructurizrDslParserException: Too many tokens, expected: person <name> [description] [tags] at line 21 of /usr/local/structurizr/workspace.dsl: customer     = person "Customer"            "End-user browsing, purchasing, and tracking orders."        { tags "External" }
	at com.structurizr.dsl.StructurizrDslParser.parse(StructurizrDslParser.java:1369) ~[structurizr-dsl-6.2.3.jar!/:6.2.3]
	at com.structurizr.dsl.StructurizrDslParser.parse(StructurizrDslParser.java:188) ~[structurizr-dsl-6.2.3.jar!/:6.2.3]
	at com.structurizr.server.component.workspace.LocalFileSystemWorkspaceAdapter.loadWorkspaceFromDsl(LocalFileSystemWorkspaceAdapter.java:113) ~[!/:2026.09.19]
	at com.structurizr.server.component.workspace.LocalFileSystemWorkspaceAdapter.loadWorkspace(LocalFileSystemWorkspaceAdapter.java:68) ~[!/:2026.09.19]
	... 8 common frames omitted

2026-09-23T16:08:54.654Z ERROR 1 --- [http-nio-8080-exec-2] c.s.s.w.a.AbstractWorkspaceApiController : com.structurizr.server.component.workspace.WorkspaceComponentException: com.structurizr.dsl.StructurizrDslParserException: Too many tokens, expected: person <name> [description] [tags] at line 21 of /usr/local/structurizr/workspace.dsl: customer     = person "Customer"            "End-user browsing, purchasing, and tracking orders."        { tags "External" }
2026-09-23T16:09:05.678Z  INFO 1 --- [SpringApplicationShutdownHook] com.structurizr.server.AbstractServer    : ********************************************************
2026-09-23T16:09:05.678Z  INFO 1 --- [SpringApplicationShutdownHook] com.structurizr.server.AbstractServer    :  Stopping Structurizr
2026-09-23T16:09:05.678Z  INFO 1 --- [SpringApplicationShutdownHook] com.structurizr.server.AbstractServer    : ********************************************************
2026-09-23T16:09:49.533Z  INFO 1 --- [main] com.structurizr.server.Local             : ***********************************************************************************
2026-09-23T16:09:49.535Z  INFO 1 --- [main] com.structurizr.server.Local             :   _____ _                   _              _          
2026-09-23T16:09:49.535Z  INFO 1 --- [main] com.structurizr.server.Local             :  / ____| |                 | |            (_)         
2026-09-23T16:09:49.535Z  INFO 1 --- [main] com.structurizr.server.Local             : | (___ | |_ _ __ _   _  ___| |_ _   _ _ __ _ _____ __ 
2026-09-23T16:09:49.535Z  INFO 1 --- [main] com.structurizr.server.Local             :  \___ \| __| '__| | | |/ __| __| | | | '__| |_  / '__|
2026-09-23T16:09:49.535Z  INFO 1 --- [main] com.structurizr.server.Local             :  ____) | |_| |  | |_| | (__| |_| |_| | |  | |/ /| |   
2026-09-23T16:09:49.535Z  INFO 1 --- [main] com.structurizr.server.Local             : |_____/ \__|_|   \__,_|\___|\__|\__,_|_|  |_/___|_|   
2026-09-23T16:09:49.535Z  INFO 1 --- [main] com.structurizr.server.Local             :                                                       
2026-09-23T16:09:49.537Z  INFO 1 --- [main] com.structurizr.server.Local             : Local v2026.09.19
2026-09-23T16:09:49.537Z  INFO 1 --- [main] com.structurizr.server.Local             : ***********************************************************************************
2026-09-23T16:09:49.538Z  INFO 1 --- [main] com.structurizr.server.Local             :  - structurizr.authentication: none
2026-09-23T16:09:49.538Z  INFO 1 --- [main] com.structurizr.server.Local             :  - structurizr.autorefreshinterval: 0
2026-09-23T16:09:49.538Z  INFO 1 --- [main] com.structurizr.server.Local             :  - structurizr.autosaveinterval: 5000
2026-09-23T16:09:49.538Z  INFO 1 --- [main] com.structurizr.server.Local             :  - structurizr.cache: none
2026-09-23T16:09:49.538Z  INFO 1 --- [main] com.structurizr.server.Local             :  - structurizr.data: file
2026-09-23T16:09:49.539Z  INFO 1 --- [main] com.structurizr.server.Local             :  - structurizr.datadirectory: /usr/local/structurizr
2026-09-23T16:09:49.539Z  INFO 1 --- [main] com.structurizr.server.Local             :  - structurizr.debug: false
2026-09-23T16:09:49.539Z  INFO 1 --- [main] com.structurizr.server.Local             :  - structurizr.editable: true
2026-09-23T16:09:49.540Z  INFO 1 --- [main] com.structurizr.server.Local             :  - structurizr.logging.filename: /usr/local/structurizr/.structurizr/logs/structurizr.log
2026-09-23T16:09:49.540Z  INFO 1 --- [main] com.structurizr.server.Local             :  - structurizr.network.timeout: 60000
2026-09-23T16:09:49.540Z  INFO 1 --- [main] com.structurizr.server.Local             :  - structurizr.network.urls.allowed: .*
2026-09-23T16:09:49.540Z  INFO 1 --- [main] com.structurizr.server.Local             :  - structurizr.search: lucene
2026-09-23T16:09:49.540Z  INFO 1 --- [main] com.structurizr.server.Local             :  - structurizr.themes: /usr/local/structurizr/themes/
2026-09-23T16:09:49.541Z  INFO 1 --- [main] com.structurizr.server.Local             :  - structurizr.workspace.maxsize: 1MB
2026-09-23T16:09:49.541Z  INFO 1 --- [main] com.structurizr.server.Local             :  - structurizr.workspace.threads: 10
2026-09-23T16:09:49.541Z  INFO 1 --- [main] com.structurizr.server.Local             :  - structurizr.workspaces: 1
2026-09-23T16:09:49.541Z  INFO 1 --- [main] com.structurizr.server.Local             : ***********************************************************************************
2026-09-23T16:09:49.542Z  INFO 1 --- [main] com.structurizr.server.Local             : Themes:
2026-09-23T16:09:49.542Z  INFO 1 --- [main] com.structurizr.server.Local             : ***********************************************************************************
2026-09-23T16:10:07.331Z  WARN 1 --- [pool-4-thread-1] c.s.server.web.search.SearchIndexer      : Error indexing workspace with ID 1

com.structurizr.server.component.workspace.WorkspaceComponentException: com.structurizr.dsl.StructurizrDslParserException: Too many tokens, expected: person <name> [description] [tags] at line 21 of /usr/local/structurizr/workspace.dsl: customer     = person "Customer"            "End-user browsing, purchasing, and tracking orders."        { tags "External" }
	at com.structurizr.server.component.workspace.LocalFileSystemWorkspaceAdapter.loadWorkspace(LocalFileSystemWorkspaceAdapter.java:70) ~[!/:2026.09.19]
	at com.structurizr.server.component.workspace.LocalFileSystemWorkspaceAdapter.getWorkspace(LocalFileSystemWorkspaceAdapter.java:151) ~[!/:2026.09.19]
	at com.structurizr.server.component.workspace.WorkspaceComponentImpl.getWorkspace(WorkspaceComponentImpl.java:206) ~[!/:2026.09.19]
	at com.structurizr.server.web.search.SearchIndexer.lambda$rebuildSearchIndex$0(SearchIndexer.java:52) ~[!/:2026.09.19]
	at java.base/java.util.concurrent.Executors$RunnableAdapter.call(Unknown Source) ~[na:na]
	at java.base/java.util.concurrent.FutureTask.run(Unknown Source) ~[na:na]
	at java.base/java.util.concurrent.ThreadPoolExecutor.runWorker(Unknown Source) ~[na:na]
	at java.base/java.util.concurrent.ThreadPoolExecutor$Worker.run(Unknown Source) ~[na:na]
	at java.base/java.lang.Thread.run(Unknown Source) ~[na:na]
Caused by: com.structurizr.dsl.StructurizrDslParserException: Too many tokens, expected: person <name> [description] [tags] at line 21 of /usr/local/structurizr/workspace.dsl: customer     = person "Customer"            "End-user browsing, purchasing, and tracking orders."        { tags "External" }
	at com.structurizr.dsl.StructurizrDslParser.parse(StructurizrDslParser.java:1369) ~[structurizr-dsl-6.2.3.jar!/:6.2.3]
	at com.structurizr.dsl.StructurizrDslParser.parse(StructurizrDslParser.java:188) ~[structurizr-dsl-6.2.3.jar!/:6.2.3]
	at com.structurizr.server.component.workspace.LocalFileSystemWorkspaceAdapter.loadWorkspaceFromDsl(LocalFileSystemWorkspaceAdapter.java:113) ~[!/:2026.09.19]
	at com.structurizr.server.component.workspace.LocalFileSystemWorkspaceAdapter.loadWorkspace(LocalFileSystemWorkspaceAdapter.java:68) ~[!/:2026.09.19]
	... 8 common frames omitted

2026-09-23T16:10:23.300Z  INFO 1 --- [SpringApplicationShutdownHook] com.structurizr.server.AbstractServer    : ********************************************************
2026-09-23T16:10:23.301Z  INFO 1 --- [SpringApplicationShutdownHook] com.structurizr.server.AbstractServer    :  Stopping Structurizr
2026-09-23T16:10:23.301Z  INFO 1 --- [SpringApplicationShutdownHook] com.structurizr.server.AbstractServer    : ********************************************************
2026-09-23T16:11:07.361Z  INFO 1 --- [main] com.structurizr.server.Local             : ***********************************************************************************
2026-09-23T16:11:07.366Z  INFO 1 --- [main] com.structurizr.server.Local             :   _____ _                   _              _          
2026-09-23T16:11:07.366Z  INFO 1 --- [main] com.structurizr.server.Local             :  / ____| |                 | |            (_)         
2026-09-23T16:11:07.366Z  INFO 1 --- [main] com.structurizr.server.Local             : | (___ | |_ _ __ _   _  ___| |_ _   _ _ __ _ _____ __ 
2026-09-23T16:11:07.366Z  INFO 1 --- [main] com.structurizr.server.Local             :  \___ \| __| '__| | | |/ __| __| | | | '__| |_  / '__|
2026-09-23T16:11:07.367Z  INFO 1 --- [main] com.structurizr.server.Local             :  ____) | |_| |  | |_| | (__| |_| |_| | |  | |/ /| |   
2026-09-23T16:11:07.367Z  INFO 1 --- [main] com.structurizr.server.Local             : |_____/ \__|_|   \__,_|\___|\__|\__,_|_|  |_/___|_|   
2026-09-23T16:11:07.367Z  INFO 1 --- [main] com.structurizr.server.Local             :                                                       
2026-09-23T16:11:07.368Z  INFO 1 --- [main] com.structurizr.server.Local             : Local v2026.09.19
2026-09-23T16:11:07.368Z  INFO 1 --- [main] com.structurizr.server.Local             : ***********************************************************************************
2026-09-23T16:11:07.369Z  INFO 1 --- [main] com.structurizr.server.Local             :  - structurizr.authentication: none
2026-09-23T16:11:07.370Z  INFO 1 --- [main] com.structurizr.server.Local             :  - structurizr.autorefreshinterval: 0
2026-09-23T16:11:07.371Z  INFO 1 --- [main] com.structurizr.server.Local             :  - structurizr.autosaveinterval: 5000
2026-09-23T16:11:07.371Z  INFO 1 --- [main] com.structurizr.server.Local             :  - structurizr.cache: none
2026-09-23T16:11:07.372Z  INFO 1 --- [main] com.structurizr.server.Local             :  - structurizr.data: file
2026-09-23T16:11:07.374Z  INFO 1 --- [main] com.structurizr.server.Local             :  - structurizr.datadirectory: /usr/local/structurizr
2026-09-23T16:11:07.374Z  INFO 1 --- [main] com.structurizr.server.Local             :  - structurizr.debug: false
2026-09-23T16:11:07.375Z  INFO 1 --- [main] com.structurizr.server.Local             :  - structurizr.editable: true
2026-09-23T16:11:07.375Z  INFO 1 --- [main] com.structurizr.server.Local             :  - structurizr.logging.filename: /usr/local/structurizr/.structurizr/logs/structurizr.log
2026-09-23T16:11:07.375Z  INFO 1 --- [main] com.structurizr.server.Local             :  - structurizr.network.timeout: 60000
2026-09-23T16:11:07.376Z  INFO 1 --- [main] com.structurizr.server.Local             :  - structurizr.network.urls.allowed: .*
2026-09-23T16:11:07.376Z  INFO 1 --- [main] com.structurizr.server.Local             :  - structurizr.search: lucene
2026-09-23T16:11:07.377Z  INFO 1 --- [main] com.structurizr.server.Local             :  - structurizr.themes: /usr/local/structurizr/themes/
2026-09-23T16:11:07.377Z  INFO 1 --- [main] com.structurizr.server.Local             :  - structurizr.workspace.maxsize: 1MB
2026-09-23T16:11:07.378Z  INFO 1 --- [main] com.structurizr.server.Local             :  - structurizr.workspace.threads: 10
2026-09-23T16:11:07.378Z  INFO 1 --- [main] com.structurizr.server.Local             :  - structurizr.workspaces: 1
2026-09-23T16:11:07.379Z  INFO 1 --- [main] com.structurizr.server.Local             : ***********************************************************************************
2026-09-23T16:11:07.379Z  INFO 1 --- [main] com.structurizr.server.Local             : Themes:
2026-09-23T16:11:07.379Z  INFO 1 --- [main] com.structurizr.server.Local             : ***********************************************************************************
2026-09-23T16:11:26.313Z  WARN 1 --- [pool-4-thread-1] c.s.server.web.search.SearchIndexer      : Error indexing workspace with ID 1

com.structurizr.server.component.workspace.WorkspaceComponentException: com.structurizr.dsl.StructurizrDslParserException: Too many tokens, expected: person <name> [description] [tags] at line 21 of /usr/local/structurizr/workspace.dsl: customer     = person "Customer"            "End-user browsing, purchasing, and tracking orders."        { tags "External" }
	at com.structurizr.server.component.workspace.LocalFileSystemWorkspaceAdapter.loadWorkspace(LocalFileSystemWorkspaceAdapter.java:70) ~[!/:2026.09.19]
	at com.structurizr.server.component.workspace.LocalFileSystemWorkspaceAdapter.getWorkspace(LocalFileSystemWorkspaceAdapter.java:151) ~[!/:2026.09.19]
	at com.structurizr.server.component.workspace.WorkspaceComponentImpl.getWorkspace(WorkspaceComponentImpl.java:206) ~[!/:2026.09.19]
	at com.structurizr.server.web.search.SearchIndexer.lambda$rebuildSearchIndex$0(SearchIndexer.java:52) ~[!/:2026.09.19]
	at java.base/java.util.concurrent.Executors$RunnableAdapter.call(Unknown Source) ~[na:na]
	at java.base/java.util.concurrent.FutureTask.run(Unknown Source) ~[na:na]
	at java.base/java.util.concurrent.ThreadPoolExecutor.runWorker(Unknown Source) ~[na:na]
	at java.base/java.util.concurrent.ThreadPoolExecutor$Worker.run(Unknown Source) ~[na:na]
	at java.base/java.lang.Thread.run(Unknown Source) ~[na:na]
Caused by: com.structurizr.dsl.StructurizrDslParserException: Too many tokens, expected: person <name> [description] [tags] at line 21 of /usr/local/structurizr/workspace.dsl: customer     = person "Customer"            "End-user browsing, purchasing, and tracking orders."        { tags "External" }
	at com.structurizr.dsl.StructurizrDslParser.parse(StructurizrDslParser.java:1369) ~[structurizr-dsl-6.2.3.jar!/:6.2.3]
	at com.structurizr.dsl.StructurizrDslParser.parse(StructurizrDslParser.java:188) ~[structurizr-dsl-6.2.3.jar!/:6.2.3]
	at com.structurizr.server.component.workspace.LocalFileSystemWorkspaceAdapter.loadWorkspaceFromDsl(LocalFileSystemWorkspaceAdapter.java:113) ~[!/:2026.09.19]
	at com.structurizr.server.component.workspace.LocalFileSystemWorkspaceAdapter.loadWorkspace(LocalFileSystemWorkspaceAdapter.java:68) ~[!/:2026.09.19]
	... 8 common frames omitted

2026-09-23T16:11:45.387Z ERROR 1 --- [http-nio-8080-exec-1] c.s.s.w.a.AbstractWorkspaceApiController : com.structurizr.server.component.workspace.WorkspaceComponentException: com.structurizr.dsl.StructurizrDslParserException: Too many tokens, expected: person <name> [description] [tags] at line 21 of /usr/local/structurizr/workspace.dsl: customer     = person "Customer"            "End-user browsing, purchasing, and tracking orders."        { tags "External" }
2026-09-23T16:11:47.466Z ERROR 1 --- [http-nio-8080-exec-7] c.s.s.w.a.AbstractWorkspaceApiController : com.structurizr.server.component.workspace.WorkspaceComponentException: com.structurizr.dsl.StructurizrDslParserException: Too many tokens, expected: person <name> [description] [tags] at line 21 of /usr/local/structurizr/workspace.dsl: customer     = person "Customer"            "End-user browsing, purchasing, and tracking orders."        { tags "External" }
2026-09-23T16:12:04.730Z ERROR 1 --- [http-nio-8080-exec-1] c.s.s.w.a.AbstractWorkspaceApiController : com.structurizr.server.component.workspace.WorkspaceComponentException: com.structurizr.dsl.StructurizrDslParserException: Too many tokens, expected: person <name> [description] [tags] at line 21 of /usr/local/structurizr/workspace.dsl: customer     = person "Customer"            "End-user browsing, purchasing, and tracking orders."        { tags "External" }
2026-09-23T16:12:19.706Z ERROR 1 --- [http-nio-8080-exec-7] c.s.s.w.a.AbstractWorkspaceApiController : com.structurizr.server.component.workspace.WorkspaceComponentException: com.structurizr.dsl.StructurizrDslParserException: Too many tokens, expected: person <name> [description] [tags] at line 21 of /usr/local/structurizr/workspace.dsl: customer     = person "Customer"            "End-user browsing, purchasing, and tracking orders." "External"        adminOps     = person "Operations Admin"    "Internal staff managing catalog, pricing, and fulfilment." "Internal"        dataAnalyst  = person "Data Analyst"        "BI team consuming dashboards and running ad-hoc reports." "Internal"        fraudAnalyst = person "Fraud Analyst"       "Reviews flagged transactions and monitors model metrics." "Internal"        warehouseOp  = person "Warehouse Operator"  "Processes picking lists and dispatches parcels." "Internal"
2026-09-23T16:12:24.439Z ERROR 1 --- [http-nio-8080-exec-3] c.s.s.w.a.AbstractWorkspaceApiController : com.structurizr.server.component.workspace.WorkspaceComponentException: com.structurizr.dsl.StructurizrDslParserException: Too many tokens, expected: person <name> [description] [tags] at line 21 of /usr/local/structurizr/workspace.dsl: customer     = person "Customer"            "End-user browsing, purchasing, and tracking orders." "External"        adminOps     = person "Operations Admin"    "Internal staff managing catalog, pricing, and fulfilment." "Internal"        dataAnalyst  = person "Data Analyst"        "BI team consuming dashboards and running ad-hoc reports." "Internal"        fraudAnalyst = person "Fraud Analyst"       "Reviews flagged transactions and monitors model metrics." "Internal"        warehouseOp  = person "Warehouse Operator"  "Processes picking lists and dispatches parcels." "Internal"
2026-09-23T16:12:52.123Z ERROR 1 --- [http-nio-8080-exec-6] c.s.s.w.a.AbstractWorkspaceApiController : com.structurizr.server.component.workspace.WorkspaceComponentException: com.structurizr.dsl.StructurizrDslParserException: Too many tokens, expected: container <name> [description] [technology] [tags] at line 80 of /usr/local/structurizr/workspace.dsl: dlqShipments = container "DLQ: shipment-events"  "Receives unprocessable shipment events after max retries."   "AWS SQS" "SQS,DLQ"        }
2026-09-23T16:13:17.773Z ERROR 1 --- [http-nio-8080-exec-4] c.s.s.w.a.AbstractWorkspaceApiController : com.structurizr.server.component.workspace.WorkspaceComponentException: com.structurizr.dsl.StructurizrDslParserException: A relationship between Customer and Web Application does not exist in model at line 629 of /usr/local/structurizr/workspace.dsl: customer                -> ecommerce.webApp              "Clicks Place Order"
2026-09-23T16:13:52.274Z ERROR 1 --- [http-nio-8080-exec-8] c.s.s.w.a.AbstractWorkspaceApiController : com.structurizr.server.component.workspace.WorkspaceComponentException: com.structurizr.dsl.StructurizrDslParserException: A relationship between Customer and Web Application does not exist in model at line 629 of /usr/local/structurizr/workspace.dsl: customer                -> ecommerce.webApp              "Clicks Place Order"
2026-09-23T16:13:53.349Z ERROR 1 --- [http-nio-8080-exec-9] c.s.s.w.a.AbstractWorkspaceApiController : com.structurizr.server.component.workspace.WorkspaceComponentException: com.structurizr.dsl.StructurizrDslParserException: A relationship between Customer and Web Application does not exist in model at line 629 of /usr/local/structurizr/workspace.dsl: customer                -> ecommerce.webApp              "Clicks Place Order"
2026-09-23T16:14:02.210Z ERROR 1 --- [http-nio-8080-exec-8] c.s.s.w.a.AbstractWorkspaceApiController : com.structurizr.server.component.workspace.WorkspaceComponentException: com.structurizr.dsl.StructurizrDslParserException: Unexpected tokens (expected: name, description, properties, !docs, !decisions, !identifiers, !impliedRelationships, model, views, configuration) at line 539 of /usr/local/structurizr/workspace.dsl: customer                 -> ecommerce.webApp             "Uses storefront"                   "HTTPS"
2026-09-23T16:14:11.546Z ERROR 1 --- [http-nio-8080-exec-8] c.s.s.w.a.AbstractWorkspaceApiController : com.structurizr.server.component.workspace.WorkspaceComponentException: com.structurizr.dsl.StructurizrDslParserException: Unexpected tokens (expected: name, description, properties, !docs, !decisions, !identifiers, !impliedRelationships, model, views, configuration) at line 539 of /usr/local/structurizr/workspace.dsl: customer                 -> ecommerce.webApp             "Uses storefront"                   "HTTPS"
2026-09-23T16:14:12.613Z ERROR 1 --- [http-nio-8080-exec-5] c.s.s.w.a.AbstractWorkspaceApiController : com.structurizr.server.component.workspace.WorkspaceComponentException: com.structurizr.dsl.StructurizrDslParserException: Unexpected tokens (expected: name, description, properties, !docs, !decisions, !identifiers, !impliedRelationships, model, views, configuration) at line 539 of /usr/local/structurizr/workspace.dsl: customer                 -> ecommerce.webApp             "Uses storefront"                   "HTTPS"
2026-09-23T16:14:48.311Z ERROR 1 --- [http-nio-8080-exec-5] c.s.s.w.a.AbstractWorkspaceApiController : com.structurizr.server.component.workspace.WorkspaceComponentException: com.structurizr.dsl.StructurizrDslParserException: A relationship between Checkout Service and SQS: cart→checkout does not exist in model at line 638 of /usr/local/structurizr/workspace.dsl: ecommerce.checkoutSvc   -> ecommerce.sqsCart2Checkout    "Enqueue cart-submitted (idempotency)"
2026-09-23T16:14:49.905Z ERROR 1 --- [http-nio-8080-exec-6] c.s.s.w.a.AbstractWorkspaceApiController : com.structurizr.server.component.workspace.WorkspaceComponentException: com.structurizr.dsl.StructurizrDslParserException: A relationship between Checkout Service and SQS: cart→checkout does not exist in model at line 638 of /usr/local/structurizr/workspace.dsl: ecommerce.checkoutSvc   -> ecommerce.sqsCart2Checkout    "Enqueue cart-submitted (idempotency)"
2026-09-23T16:15:15.086Z ERROR 1 --- [http-nio-8080-exec-6] c.s.s.w.a.AbstractWorkspaceApiController : com.structurizr.server.component.workspace.WorkspaceComponentException: com.structurizr.dsl.StructurizrDslParserException: A relationship between Notification Adapter and Notify API does not exist in model at line 664 of /usr/local/structurizr/workspace.dsl: ecommerce.notifyAdapter -> notifyHub.notifyAPI           "POST /notifications"
2026-09-23T16:15:18.036Z ERROR 1 --- [http-nio-8080-exec-10] c.s.s.w.a.AbstractWorkspaceApiController : com.structurizr.server.component.workspace.WorkspaceComponentException: com.structurizr.dsl.StructurizrDslParserException: A relationship between Notification Adapter and Notify API does not exist in model at line 664 of /usr/local/structurizr/workspace.dsl: ecommerce.notifyAdapter -> notifyHub.notifyAPI           "POST /notifications"
2026-09-23T16:15:20.326Z ERROR 1 --- [http-nio-8080-exec-1] c.s.s.w.a.AbstractWorkspaceApiController : com.structurizr.server.component.workspace.WorkspaceComponentException: com.structurizr.dsl.StructurizrDslParserException: A relationship between Notification Adapter and Notify API does not exist in model at line 664 of /usr/local/structurizr/workspace.dsl: ecommerce.notifyAdapter -> notifyHub.notifyAPI           "POST /notifications"
2026-09-23T16:15:21.949Z ERROR 1 --- [http-nio-8080-exec-6] c.s.s.w.a.AbstractWorkspaceApiController : com.structurizr.server.component.workspace.WorkspaceComponentException: com.structurizr.dsl.StructurizrDslParserException: A relationship between Notification Adapter and Notify API does not exist in model at line 664 of /usr/local/structurizr/workspace.dsl: ecommerce.notifyAdapter -> notifyHub.notifyAPI           "POST /notifications"
2026-09-23T16:15:33.215Z ERROR 1 --- [http-nio-8080-exec-10] c.s.s.w.a.AbstractWorkspaceApiController : com.structurizr.server.component.workspace.WorkspaceComponentException: com.structurizr.dsl.StructurizrDslParserException: A relationship between Notification Adapter and Notify API does not exist in model at line 664 of /usr/local/structurizr/workspace.dsl: ecommerce.notifyAdapter -> notifyHub.notifyAPI           "POST /notifications"
2026-09-23T16:15:47.100Z ERROR 1 --- [http-nio-8080-exec-4] c.s.s.w.a.AbstractWorkspaceApiController : com.structurizr.server.component.workspace.WorkspaceComponentException: com.structurizr.dsl.StructurizrDslParserException: A relationship between Channel Router and Email Adapter does not exist in model at line 667 of /usr/local/structurizr/workspace.dsl: notifyHub.channelRouter -> notifyHub.emailAdapter        "Route to email channel"
2026-09-23T16:16:00.497Z ERROR 1 --- [http-nio-8080-exec-5] c.s.s.w.a.AbstractWorkspaceApiController : com.structurizr.server.component.workspace.WorkspaceComponentException: com.structurizr.dsl.StructurizrDslParserException: A relationship between Channel Router and Email Adapter does not exist in model at line 667 of /usr/local/structurizr/workspace.dsl: notifyHub.channelRouter -> notifyHub.emailAdapter        "Route to email channel"
2026-09-23T16:16:04.448Z ERROR 1 --- [http-nio-8080-exec-10] c.s.s.w.a.AbstractWorkspaceApiController : com.structurizr.server.component.workspace.WorkspaceComponentException: com.structurizr.dsl.StructurizrDslParserException: A relationship between Channel Router and Email Adapter does not exist in model at line 667 of /usr/local/structurizr/workspace.dsl: notifyHub.channelRouter -> notifyHub.emailAdapter        "Route to email channel"
2026-09-23T16:16:05.081Z ERROR 1 --- [http-nio-8080-exec-9] c.s.s.w.a.AbstractWorkspaceApiController : com.structurizr.server.component.workspace.WorkspaceComponentException: com.structurizr.dsl.StructurizrDslParserException: A relationship between Channel Router and Email Adapter does not exist in model at line 667 of /usr/local/structurizr/workspace.dsl: notifyHub.channelRouter -> notifyHub.emailAdapter        "Route to email channel"
2026-09-23T16:16:31.321Z ERROR 1 --- [http-nio-8080-exec-7] c.s.s.w.a.AbstractWorkspaceApiController : com.structurizr.server.component.workspace.WorkspaceComponentException: com.structurizr.dsl.StructurizrDslParserException: A relationship between Refund Service and Stripe does not exist in model at line 677 of /usr/local/structurizr/workspace.dsl: payments.refundSvc      -> stripeGateway                 "Issue Stripe refund"
2026-09-23T16:16:45.045Z ERROR 1 --- [http-nio-8080-exec-6] c.s.s.w.a.AbstractWorkspaceApiController : com.structurizr.server.component.workspace.WorkspaceComponentException: com.structurizr.dsl.StructurizrDslParserException: A relationship between Operations Admin and Admin Portal does not exist in model at line 689 of /usr/local/structurizr/workspace.dsl: adminOps                 -> ecommerce.adminPortal        "Updates product price"
2026-09-23T16:16:47.495Z ERROR 1 --- [http-nio-8080-exec-9] c.s.s.w.a.AbstractWorkspaceApiController : com.structurizr.server.component.workspace.WorkspaceComponentException: com.structurizr.dsl.StructurizrDslParserException: A relationship between Operations Admin and Admin Portal does not exist in model at line 689 of /usr/local/structurizr/workspace.dsl: adminOps                 -> ecommerce.adminPortal        "Updates product price"
2026-09-23T16:16:48.389Z ERROR 1 --- [http-nio-8080-exec-7] c.s.s.w.a.AbstractWorkspaceApiController : com.structurizr.server.component.workspace.WorkspaceComponentException: com.structurizr.dsl.StructurizrDslParserException: A relationship between Operations Admin and Admin Portal does not exist in model at line 689 of /usr/local/structurizr/workspace.dsl: adminOps                 -> ecommerce.adminPortal        "Updates product price"
2026-09-23T16:17:04.574Z  WARN 1 --- [http-nio-8080-exec-2] com.structurizr.view.Configuration       : The Structurizr cloud service will reach its End of Life (EOL) on 30 September 2026 and this theme will not be available: https://static.structurizr.com/themes/default/theme.json
2026-09-23T16:17:16.899Z  WARN 1 --- [http-nio-8080-exec-5] com.structurizr.view.Configuration       : The Structurizr cloud service will reach its End of Life (EOL) on 30 September 2026 and this theme will not be available: https://static.structurizr.com/themes/default/theme.json
2026-09-23T16:17:17.504Z  WARN 1 --- [http-nio-8080-exec-5] com.structurizr.view.Configuration       : The Structurizr cloud service will reach its End of Life (EOL) on 30 September 2026 and this theme will not be available: https://static.structurizr.com/themes/default/theme.json
2026-09-23T16:17:17.569Z  WARN 1 --- [http-nio-8080-exec-5] com.structurizr.view.Configuration       : The Structurizr cloud service will reach its End of Life (EOL) on 30 September 2026 and this theme will not be available: https://static.structurizr.com/themes/default/theme.json
2026-09-23T16:17:17.804Z  WARN 1 --- [http-nio-8080-exec-1] com.structurizr.view.Configuration       : The Structurizr cloud service will reach its End of Life (EOL) on 30 September 2026 and this theme will not be available: https://static.structurizr.com/themes/default/theme.json
2026-09-23T16:17:17.845Z  WARN 1 --- [http-nio-8080-exec-9] com.structurizr.view.Configuration       : The Structurizr cloud service will reach its End of Life (EOL) on 30 September 2026 and this theme will not be available: https://static.structurizr.com/themes/default/theme.json
2026-09-23T16:17:17.857Z  WARN 1 --- [http-nio-8080-exec-4] com.structurizr.view.Configuration       : The Structurizr cloud service will reach its End of Life (EOL) on 30 September 2026 and this theme will not be available: https://static.structurizr.com/themes/default/theme.json
2026-09-23T16:17:17.863Z  WARN 1 --- [http-nio-8080-exec-2] com.structurizr.view.Configuration       : The Structurizr cloud service will reach its End of Life (EOL) on 30 September 2026 and this theme will not be available: https://static.structurizr.com/themes/default/theme.json
2026-09-23T16:17:17.868Z  WARN 1 --- [http-nio-8080-exec-8] com.structurizr.view.Configuration       : The Structurizr cloud service will reach its End of Life (EOL) on 30 September 2026 and this theme will not be available: https://static.structurizr.com/themes/default/theme.json
2026-09-23T16:17:17.920Z  WARN 1 --- [http-nio-8080-exec-9] com.structurizr.view.Configuration       : The Structurizr cloud service will reach its End of Life (EOL) on 30 September 2026 and this theme will not be available: https://static.structurizr.com/themes/default/theme.json
2026-09-23T16:17:18.079Z  WARN 1 --- [http-nio-8080-exec-10] com.structurizr.view.Configuration       : The Structurizr cloud service will reach its End of Life (EOL) on 30 September 2026 and this theme will not be available: https://static.structurizr.com/themes/default/theme.json
2026-09-23T16:17:18.162Z  WARN 1 --- [http-nio-8080-exec-6] com.structurizr.view.Configuration       : The Structurizr cloud service will reach its End of Life (EOL) on 30 September 2026 and this theme will not be available: https://static.structurizr.com/themes/default/theme.json
2026-09-23T16:17:18.162Z  WARN 1 --- [http-nio-8080-exec-7] com.structurizr.view.Configuration       : The Structurizr cloud service will reach its End of Life (EOL) on 30 September 2026 and this theme will not be available: https://static.structurizr.com/themes/default/theme.json
2026-09-23T16:17:18.194Z  WARN 1 --- [http-nio-8080-exec-4] com.structurizr.view.Configuration       : The Structurizr cloud service will reach its End of Life (EOL) on 30 September 2026 and this theme will not be available: https://static.structurizr.com/themes/default/theme.json
2026-09-23T16:17:18.191Z  WARN 1 --- [http-nio-8080-exec-5] com.structurizr.view.Configuration       : The Structurizr cloud service will reach its End of Life (EOL) on 30 September 2026 and this theme will not be available: https://static.structurizr.com/themes/default/theme.json
2026-09-23T16:17:18.226Z  WARN 1 --- [http-nio-8080-exec-1] com.structurizr.view.Configuration       : The Structurizr cloud service will reach its End of Life (EOL) on 30 September 2026 and this theme will not be available: https://static.structurizr.com/themes/default/theme.json
2026-09-23T16:17:18.303Z  WARN 1 --- [http-nio-8080-exec-2] com.structurizr.view.Configuration       : The Structurizr cloud service will reach its End of Life (EOL) on 30 September 2026 and this theme will not be available: https://static.structurizr.com/themes/default/theme.json
2026-09-23T16:17:18.303Z  WARN 1 --- [http-nio-8080-exec-9] com.structurizr.view.Configuration       : The Structurizr cloud service will reach its End of Life (EOL) on 30 September 2026 and this theme will not be available: https://static.structurizr.com/themes/default/theme.json
2026-09-23T16:17:18.346Z  WARN 1 --- [http-nio-8080-exec-1] com.structurizr.view.Configuration       : The Structurizr cloud service will reach its End of Life (EOL) on 30 September 2026 and this theme will not be available: https://static.structurizr.com/themes/default/theme.json
2026-09-23T16:17:18.404Z  WARN 1 --- [http-nio-8080-exec-3] com.structurizr.view.Configuration       : The Structurizr cloud service will reach its End of Life (EOL) on 30 September 2026 and this theme will not be available: https://static.structurizr.com/themes/default/theme.json
2026-09-23T16:17:18.449Z  WARN 1 --- [http-nio-8080-exec-7] com.structurizr.view.Configuration       : The Structurizr cloud service will reach its End of Life (EOL) on 30 September 2026 and this theme will not be available: https://static.structurizr.com/themes/default/theme.json
2026-09-23T16:17:18.472Z  WARN 1 --- [http-nio-8080-exec-5] com.structurizr.view.Configuration       : The Structurizr cloud service will reach its End of Life (EOL) on 30 September 2026 and this theme will not be available: https://static.structurizr.com/themes/default/theme.json
2026-09-23T16:17:18.534Z  WARN 1 --- [http-nio-8080-exec-10] com.structurizr.view.Configuration       : The Structurizr cloud service will reach its End of Life (EOL) on 30 September 2026 and this theme will not be available: https://static.structurizr.com/themes/default/theme.json
2026-09-23T16:17:18.609Z  WARN 1 --- [http-nio-8080-exec-6] com.structurizr.view.Configuration       : The Structurizr cloud service will reach its End of Life (EOL) on 30 September 2026 and this theme will not be available: https://static.structurizr.com/themes/default/theme.json
2026-09-23T16:17:21.744Z  WARN 1 --- [http-nio-8080-exec-4] com.structurizr.view.Configuration       : The Structurizr cloud service will reach its End of Life (EOL) on 30 September 2026 and this theme will not be available: https://static.structurizr.com/themes/default/theme.json
2026-09-23T16:17:21.795Z  WARN 1 --- [http-nio-8080-exec-4] com.structurizr.view.Configuration       : The Structurizr cloud service will reach its End of Life (EOL) on 30 September 2026 and this theme will not be available: https://static.structurizr.com/themes/default/theme.json
2026-09-23T16:17:24.357Z  WARN 1 --- [http-nio-8080-exec-8] com.structurizr.view.Configuration       : The Structurizr cloud service will reach its End of Life (EOL) on 30 September 2026 and this theme will not be available: https://static.structurizr.com/themes/default/theme.json
2026-09-23T16:17:24.395Z  WARN 1 --- [http-nio-8080-exec-8] com.structurizr.view.Configuration       : The Structurizr cloud service will reach its End of Life (EOL) on 30 September 2026 and this theme will not be available: https://static.structurizr.com/themes/default/theme.json
2026-09-23T16:17:25.185Z  WARN 1 --- [http-nio-8080-exec-1] com.structurizr.view.Configuration       : The Structurizr cloud service will reach its End of Life (EOL) on 30 September 2026 and this theme will not be available: https://static.structurizr.com/themes/default/theme.json
2026-09-23T16:17:25.320Z  WARN 1 --- [http-nio-8080-exec-10] com.structurizr.view.Configuration       : The Structurizr cloud service will reach its End of Life (EOL) on 30 September 2026 and this theme will not be available: https://static.structurizr.com/themes/default/theme.json
2026-09-23T16:17:25.321Z  WARN 1 --- [http-nio-8080-exec-3] com.structurizr.view.Configuration       : The Structurizr cloud service will reach its End of Life (EOL) on 30 September 2026 and this theme will not be available: https://static.structurizr.com/themes/default/theme.json
2026-09-23T16:17:25.325Z  WARN 1 --- [http-nio-8080-exec-7] com.structurizr.view.Configuration       : The Structurizr cloud service will reach its End of Life (EOL) on 30 September 2026 and this theme will not be available: https://static.structurizr.com/themes/default/theme.json
2026-09-23T16:17:25.356Z  WARN 1 --- [http-nio-8080-exec-8] com.structurizr.view.Configuration       : The Structurizr cloud service will reach its End of Life (EOL) on 30 September 2026 and this theme will not be available: https://static.structurizr.com/themes/default/theme.json
2026-09-23T16:17:25.347Z  WARN 1 --- [http-nio-8080-exec-5] com.structurizr.view.Configuration       : The Structurizr cloud service will reach its End of Life (EOL) on 30 September 2026 and this theme will not be available: https://static.structurizr.com/themes/default/theme.json
2026-09-23T16:17:25.478Z  WARN 1 --- [http-nio-8080-exec-1] com.structurizr.view.Configuration       : The Structurizr cloud service will reach its End of Life (EOL) on 30 September 2026 and this theme will not be available: https://static.structurizr.com/themes/default/theme.json
2026-09-23T16:17:25.494Z  WARN 1 --- [http-nio-8080-exec-6] com.structurizr.view.Configuration       : The Structurizr cloud service will reach its End of Life (EOL) on 30 September 2026 and this theme will not be available: https://static.structurizr.com/themes/default/theme.json
2026-09-23T16:17:25.549Z  WARN 1 --- [http-nio-8080-exec-7] com.structurizr.view.Configuration       : The Structurizr cloud service will reach its End of Life (EOL) on 30 September 2026 and this theme will not be available: https://static.structurizr.com/themes/default/theme.json
2026-09-23T16:17:25.643Z  WARN 1 --- [http-nio-8080-exec-10] com.structurizr.view.Configuration       : The Structurizr cloud service will reach its End of Life (EOL) on 30 September 2026 and this theme will not be available: https://static.structurizr.com/themes/default/theme.json
2026-09-23T16:17:25.644Z  WARN 1 --- [http-nio-8080-exec-3] com.structurizr.view.Configuration       : The Structurizr cloud service will reach its End of Life (EOL) on 30 September 2026 and this theme will not be available: https://static.structurizr.com/themes/default/theme.json
2026-09-23T16:17:25.648Z  WARN 1 --- [http-nio-8080-exec-2] com.structurizr.view.Configuration       : The Structurizr cloud service will reach its End of Life (EOL) on 30 September 2026 and this theme will not be available: https://static.structurizr.com/themes/default/theme.json
2026-09-23T16:17:25.653Z  WARN 1 --- [http-nio-8080-exec-9] com.structurizr.view.Configuration       : The Structurizr cloud service will reach its End of Life (EOL) on 30 September 2026 and this theme will not be available: https://static.structurizr.com/themes/default/theme.json
2026-09-23T16:17:25.694Z  WARN 1 --- [http-nio-8080-exec-8] com.structurizr.view.Configuration       : The Structurizr cloud service will reach its End of Life (EOL) on 30 September 2026 and this theme will not be available: https://static.structurizr.com/themes/default/theme.json
2026-09-23T16:17:29.224Z  WARN 1 --- [http-nio-8080-exec-1] com.structurizr.view.Configuration       : The Structurizr cloud service will reach its End of Life (EOL) on 30 September 2026 and this theme will not be available: https://static.structurizr.com/themes/default/theme.json
2026-09-23T16:17:29.480Z  WARN 1 --- [http-nio-8080-exec-9] com.structurizr.view.Configuration       : The Structurizr cloud service will reach its End of Life (EOL) on 30 September 2026 and this theme will not be available: https://static.structurizr.com/themes/default/theme.json
2026-09-23T16:17:29.638Z  WARN 1 --- [http-nio-8080-exec-9] com.structurizr.view.Configuration       : The Structurizr cloud service will reach its End of Life (EOL) on 30 September 2026 and this theme will not be available: https://static.structurizr.com/themes/default/theme.json
2026-09-23T16:17:29.830Z  WARN 1 --- [http-nio-8080-exec-7] com.structurizr.view.Configuration       : The Structurizr cloud service will reach its End of Life (EOL) on 30 September 2026 and this theme will not be available: https://static.structurizr.com/themes/default/theme.json
2026-09-23T16:17:29.831Z  WARN 1 --- [http-nio-8080-exec-6] com.structurizr.view.Configuration       : The Structurizr cloud service will reach its End of Life (EOL) on 30 September 2026 and this theme will not be available: https://static.structurizr.com/themes/default/theme.json
2026-09-23T16:17:29.832Z  WARN 1 --- [http-nio-8080-exec-3] com.structurizr.view.Configuration       : The Structurizr cloud service will reach its End of Life (EOL) on 30 September 2026 and this theme will not be available: https://static.structurizr.com/themes/default/theme.json
2026-09-23T16:17:29.834Z  WARN 1 --- [http-nio-8080-exec-8] com.structurizr.view.Configuration       : The Structurizr cloud service will reach its End of Life (EOL) on 30 September 2026 and this theme will not be available: https://static.structurizr.com/themes/default/theme.json
2026-09-23T16:17:29.835Z  WARN 1 --- [http-nio-8080-exec-1] com.structurizr.view.Configuration       : The Structurizr cloud service will reach its End of Life (EOL) on 30 September 2026 and this theme will not be available: https://static.structurizr.com/themes/default/theme.json
2026-09-23T16:17:29.836Z  WARN 1 --- [http-nio-8080-exec-10] com.structurizr.view.Configuration       : The Structurizr cloud service will reach its End of Life (EOL) on 30 September 2026 and this theme will not be available: https://static.structurizr.com/themes/default/theme.json
2026-09-23T16:17:29.871Z  WARN 1 --- [http-nio-8080-exec-2] com.structurizr.view.Configuration       : The Structurizr cloud service will reach its End of Life (EOL) on 30 September 2026 and this theme will not be available: https://static.structurizr.com/themes/default/theme.json
2026-09-23T16:17:29.913Z  WARN 1 --- [http-nio-8080-exec-7] com.structurizr.view.Configuration       : The Structurizr cloud service will reach its End of Life (EOL) on 30 September 2026 and this theme will not be available: https://static.structurizr.com/themes/default/theme.json
2026-09-23T16:17:29.919Z  WARN 1 --- [http-nio-8080-exec-5] com.structurizr.view.Configuration       : The Structurizr cloud service will reach its End of Life (EOL) on 30 September 2026 and this theme will not be available: https://static.structurizr.com/themes/default/theme.json
2026-09-23T16:17:29.926Z  WARN 1 --- [http-nio-8080-exec-9] com.structurizr.view.Configuration       : The Structurizr cloud service will reach its End of Life (EOL) on 30 September 2026 and this theme will not be available: https://static.structurizr.com/themes/default/theme.json
2026-09-23T16:17:29.940Z  WARN 1 --- [http-nio-8080-exec-8] com.structurizr.view.Configuration       : The Structurizr cloud service will reach its End of Life (EOL) on 30 September 2026 and this theme will not be available: https://static.structurizr.com/themes/default/theme.json
2026-09-23T16:17:29.972Z  WARN 1 --- [http-nio-8080-exec-2] com.structurizr.view.Configuration       : The Structurizr cloud service will reach its End of Life (EOL) on 30 September 2026 and this theme will not be available: https://static.structurizr.com/themes/default/theme.json
2026-09-23T16:17:29.977Z  WARN 1 --- [http-nio-8080-exec-5] com.structurizr.view.Configuration       : The Structurizr cloud service will reach its End of Life (EOL) on 30 September 2026 and this theme will not be available: https://static.structurizr.com/themes/default/theme.json
2026-09-23T16:17:29.993Z  WARN 1 --- [http-nio-8080-exec-1] com.structurizr.view.Configuration       : The Structurizr cloud service will reach its End of Life (EOL) on 30 September 2026 and this theme will not be available: https://static.structurizr.com/themes/default/theme.json
2026-09-23T16:17:30.040Z  WARN 1 --- [http-nio-8080-exec-7] com.structurizr.view.Configuration       : The Structurizr cloud service will reach its End of Life (EOL) on 30 September 2026 and this theme will not be available: https://static.structurizr.com/themes/default/theme.json
2026-09-23T16:17:30.047Z  WARN 1 --- [http-nio-8080-exec-10] com.structurizr.view.Configuration       : The Structurizr cloud service will reach its End of Life (EOL) on 30 September 2026 and this theme will not be available: https://static.structurizr.com/themes/default/theme.json
2026-09-23T16:17:30.051Z  WARN 1 --- [http-nio-8080-exec-6] com.structurizr.view.Configuration       : The Structurizr cloud service will reach its End of Life (EOL) on 30 September 2026 and this theme will not be available: https://static.structurizr.com/themes/default/theme.json
2026-09-23T16:17:30.048Z  WARN 1 --- [http-nio-8080-exec-3] com.structurizr.view.Configuration       : The Structurizr cloud service will reach its End of Life (EOL) on 30 September 2026 and this theme will not be available: https://static.structurizr.com/themes/default/theme.json
2026-09-23T16:17:30.072Z  WARN 1 --- [http-nio-8080-exec-5] com.structurizr.view.Configuration       : The Structurizr cloud service will reach its End of Life (EOL) on 30 September 2026 and this theme will not be available: https://static.structurizr.com/themes/default/theme.json
2026-09-23T16:17:30.179Z  WARN 1 --- [http-nio-8080-exec-5] com.structurizr.view.Configuration       : The Structurizr cloud service will reach its End of Life (EOL) on 30 September 2026 and this theme will not be available: https://static.structurizr.com/themes/default/theme.json
2026-09-23T16:17:30.614Z  WARN 1 --- [http-nio-8080-exec-8] com.structurizr.view.Configuration       : The Structurizr cloud service will reach its End of Life (EOL) on 30 September 2026 and this theme will not be available: https://static.structurizr.com/themes/default/theme.json
2026-09-23T16:17:30.634Z  WARN 1 --- [http-nio-8080-exec-8] com.structurizr.view.Configuration       : The Structurizr cloud service will reach its End of Life (EOL) on 30 September 2026 and this theme will not be available: https://static.structurizr.com/themes/default/theme.json
2026-09-23T16:17:35.535Z  WARN 1 --- [http-nio-8080-exec-10] com.structurizr.view.Configuration       : The Structurizr cloud service will reach its End of Life (EOL) on 30 September 2026 and this theme will not be available: https://static.structurizr.com/themes/default/theme.json
2026-09-23T16:17:35.555Z  WARN 1 --- [http-nio-8080-exec-5] com.structurizr.view.Configuration       : The Structurizr cloud service will reach its End of Life (EOL) on 30 September 2026 and this theme will not be available: https://static.structurizr.com/themes/default/theme.json
2026-09-23T16:17:35.618Z  WARN 1 --- [http-nio-8080-exec-2] com.structurizr.view.Configuration       : The Structurizr cloud service will reach its End of Life (EOL) on 30 September 2026 and this theme will not be available: https://static.structurizr.com/themes/default/theme.json
2026-09-23T16:17:35.623Z  WARN 1 --- [http-nio-8080-exec-9] com.structurizr.view.Configuration       : The Structurizr cloud service will reach its End of Life (EOL) on 30 September 2026 and this theme will not be available: https://static.structurizr.com/themes/default/theme.json
2026-09-23T16:17:35.624Z  WARN 1 --- [http-nio-8080-exec-6] com.structurizr.view.Configuration       : The Structurizr cloud service will reach its End of Life (EOL) on 30 September 2026 and this theme will not be available: https://static.structurizr.com/themes/default/theme.json
2026-09-23T16:17:35.625Z  WARN 1 --- [http-nio-8080-exec-7] com.structurizr.view.Configuration       : The Structurizr cloud service will reach its End of Life (EOL) on 30 September 2026 and this theme will not be available: https://static.structurizr.com/themes/default/theme.json
2026-09-23T16:17:35.681Z  WARN 1 --- [http-nio-8080-exec-3] com.structurizr.view.Configuration       : The Structurizr cloud service will reach its End of Life (EOL) on 30 September 2026 and this theme will not be available: https://static.structurizr.com/themes/default/theme.json
2026-09-23T16:17:35.683Z  WARN 1 --- [http-nio-8080-exec-9] com.structurizr.view.Configuration       : The Structurizr cloud service will reach its End of Life (EOL) on 30 September 2026 and this theme will not be available: https://static.structurizr.com/themes/default/theme.json
2026-09-23T16:17:35.685Z  WARN 1 --- [http-nio-8080-exec-6] com.structurizr.view.Configuration       : The Structurizr cloud service will reach its End of Life (EOL) on 30 September 2026 and this theme will not be available: https://static.structurizr.com/themes/default/theme.json
2026-09-23T16:17:35.688Z  WARN 1 --- [http-nio-8080-exec-4] com.structurizr.view.Configuration       : The Structurizr cloud service will reach its End of Life (EOL) on 30 September 2026 and this theme will not be available: https://static.structurizr.com/themes/default/theme.json
2026-09-23T16:17:35.695Z  WARN 1 --- [http-nio-8080-exec-8] com.structurizr.view.Configuration       : The Structurizr cloud service will reach its End of Life (EOL) on 30 September 2026 and this theme will not be available: https://static.structurizr.com/themes/default/theme.json
2026-09-23T16:17:35.702Z  WARN 1 --- [http-nio-8080-exec-1] com.structurizr.view.Configuration       : The Structurizr cloud service will reach its End of Life (EOL) on 30 September 2026 and this theme will not be available: https://static.structurizr.com/themes/default/theme.json
2026-09-23T16:17:35.711Z  WARN 1 --- [http-nio-8080-exec-5] com.structurizr.view.Configuration       : The Structurizr cloud service will reach its End of Life (EOL) on 30 September 2026 and this theme will not be available: https://static.structurizr.com/themes/default/theme.json
2026-09-23T16:17:35.795Z  WARN 1 --- [http-nio-8080-exec-9] com.structurizr.view.Configuration       : The Structurizr cloud service will reach its End of Life (EOL) on 30 September 2026 and this theme will not be available: https://static.structurizr.com/themes/default/theme.json
2026-09-23T16:17:35.801Z  WARN 1 --- [http-nio-8080-exec-10] com.structurizr.view.Configuration       : The Structurizr cloud service will reach its End of Life (EOL) on 30 September 2026 and this theme will not be available: https://static.structurizr.com/themes/default/theme.json
2026-09-23T16:17:35.801Z  WARN 1 --- [http-nio-8080-exec-7] com.structurizr.view.Configuration       : The Structurizr cloud service will reach its End of Life (EOL) on 30 September 2026 and this theme will not be available: https://static.structurizr.com/themes/default/theme.json
2026-09-23T16:17:35.807Z  WARN 1 --- [http-nio-8080-exec-4] com.structurizr.view.Configuration       : The Structurizr cloud service will reach its End of Life (EOL) on 30 September 2026 and this theme will not be available: https://static.structurizr.com/themes/default/theme.json
2026-09-23T16:17:35.810Z  WARN 1 --- [http-nio-8080-exec-2] com.structurizr.view.Configuration       : The Structurizr cloud service will reach its End of Life (EOL) on 30 September 2026 and this theme will not be available: https://static.structurizr.com/themes/default/theme.json
2026-09-23T16:17:35.799Z  WARN 1 --- [http-nio-8080-exec-3] com.structurizr.view.Configuration       : The Structurizr cloud service will reach its End of Life (EOL) on 30 September 2026 and this theme will not be available: https://static.structurizr.com/themes/default/theme.json
2026-09-23T16:17:35.842Z  WARN 1 --- [http-nio-8080-exec-6] com.structurizr.view.Configuration       : The Structurizr cloud service will reach its End of Life (EOL) on 30 September 2026 and this theme will not be available: https://static.structurizr.com/themes/default/theme.json
2026-09-23T16:17:35.923Z  WARN 1 --- [http-nio-8080-exec-8] com.structurizr.view.Configuration       : The Structurizr cloud service will reach its End of Life (EOL) on 30 September 2026 and this theme will not be available: https://static.structurizr.com/themes/default/theme.json
2026-09-23T16:17:35.931Z  WARN 1 --- [http-nio-8080-exec-7] com.structurizr.view.Configuration       : The Structurizr cloud service will reach its End of Life (EOL) on 30 September 2026 and this theme will not be available: https://static.structurizr.com/themes/default/theme.json
2026-09-23T16:17:35.932Z  WARN 1 --- [http-nio-8080-exec-10] com.structurizr.view.Configuration       : The Structurizr cloud service will reach its End of Life (EOL) on 30 September 2026 and this theme will not be available: https://static.structurizr.com/themes/default/theme.json
2026-09-23T16:17:35.943Z  WARN 1 --- [http-nio-8080-exec-9] com.structurizr.view.Configuration       : The Structurizr cloud service will reach its End of Life (EOL) on 30 September 2026 and this theme will not be available: https://static.structurizr.com/themes/default/theme.json
2026-09-23T16:17:35.989Z  WARN 1 --- [http-nio-8080-exec-7] com.structurizr.view.Configuration       : The Structurizr cloud service will reach its End of Life (EOL) on 30 September 2026 and this theme will not be available: https://static.structurizr.com/themes/default/theme.json
2026-09-23T16:17:35.997Z  WARN 1 --- [http-nio-8080-exec-1] com.structurizr.view.Configuration       : The Structurizr cloud service will reach its End of Life (EOL) on 30 September 2026 and this theme will not be available: https://static.structurizr.com/themes/default/theme.json
2026-09-23T16:17:36.012Z  WARN 1 --- [http-nio-8080-exec-5] com.structurizr.view.Configuration       : The Structurizr cloud service will reach its End of Life (EOL) on 30 September 2026 and this theme will not be available: https://static.structurizr.com/themes/default/theme.json
2026-09-23T16:17:36.021Z  WARN 1 --- [http-nio-8080-exec-7] com.structurizr.view.Configuration       : The Structurizr cloud service will reach its End of Life (EOL) on 30 September 2026 and this theme will not be available: https://static.structurizr.com/themes/default/theme.json
2026-09-23T16:17:36.042Z  WARN 1 --- [http-nio-8080-exec-10] com.structurizr.view.Configuration       : The Structurizr cloud service will reach its End of Life (EOL) on 30 September 2026 and this theme will not be available: https://static.structurizr.com/themes/default/theme.json
2026-09-23T16:17:36.121Z  WARN 1 --- [http-nio-8080-exec-2] com.structurizr.view.Configuration       : The Structurizr cloud service will reach its End of Life (EOL) on 30 September 2026 and this theme will not be available: https://static.structurizr.com/themes/default/theme.json
2026-09-23T16:17:36.123Z  WARN 1 --- [http-nio-8080-exec-3] com.structurizr.view.Configuration       : The Structurizr cloud service will reach its End of Life (EOL) on 30 September 2026 and this theme will not be available: https://static.structurizr.com/themes/default/theme.json
2026-09-23T16:17:36.165Z  WARN 1 --- [http-nio-8080-exec-4] com.structurizr.view.Configuration       : The Structurizr cloud service will reach its End of Life (EOL) on 30 September 2026 and this theme will not be available: https://static.structurizr.com/themes/default/theme.json
2026-09-23T16:17:36.203Z  WARN 1 --- [http-nio-8080-exec-8] com.structurizr.view.Configuration       : The Structurizr cloud service will reach its End of Life (EOL) on 30 September 2026 and this theme will not be available: https://static.structurizr.com/themes/default/theme.json
2026-09-23T16:17:36.233Z  WARN 1 --- [http-nio-8080-exec-6] com.structurizr.view.Configuration       : The Structurizr cloud service will reach its End of Life (EOL) on 30 September 2026 and this theme will not be available: https://static.structurizr.com/themes/default/theme.json
2026-09-23T16:17:36.834Z  WARN 1 --- [http-nio-8080-exec-9] com.structurizr.view.Configuration       : The Structurizr cloud service will reach its End of Life (EOL) on 30 September 2026 and this theme will not be available: https://static.structurizr.com/themes/default/theme.json
2026-09-23T16:17:36.840Z  WARN 1 --- [http-nio-8080-exec-1] com.structurizr.view.Configuration       : The Structurizr cloud service will reach its End of Life (EOL) on 30 September 2026 and this theme will not be available: https://static.structurizr.com/themes/default/theme.json
2026-09-23T16:17:43.156Z  WARN 1 --- [http-nio-8080-exec-7] com.structurizr.view.Configuration       : The Structurizr cloud service will reach its End of Life (EOL) on 30 September 2026 and this theme will not be available: https://static.structurizr.com/themes/default/theme.json
2026-09-23T16:17:46.088Z  WARN 1 --- [http-nio-8080-exec-10] com.structurizr.view.Configuration       : The Structurizr cloud service will reach its End of Life (EOL) on 30 September 2026 and this theme will not be available: https://static.structurizr.com/themes/default/theme.json
2026-09-23T16:17:56.445Z  WARN 1 --- [http-nio-8080-exec-2] com.structurizr.view.Configuration       : The Structurizr cloud service will reach its End of Life (EOL) on 30 September 2026 and this theme will not be available: https://static.structurizr.com/themes/default/theme.json
2026-09-23T16:18:03.525Z  WARN 1 --- [http-nio-8080-exec-3] com.structurizr.view.Configuration       : The Structurizr cloud service will reach its End of Life (EOL) on 30 September 2026 and this theme will not be available: https://static.structurizr.com/themes/default/theme.json
2026-09-23T16:18:08.502Z  WARN 1 --- [http-nio-8080-exec-4] com.structurizr.view.Configuration       : The Structurizr cloud service will reach its End of Life (EOL) on 30 September 2026 and this theme will not be available: https://static.structurizr.com/themes/default/theme.json
2026-09-23T16:18:08.525Z  WARN 1 --- [http-nio-8080-exec-8] com.structurizr.view.Configuration       : The Structurizr cloud service will reach its End of Life (EOL) on 30 September 2026 and this theme will not be available: https://static.structurizr.com/themes/default/theme.json
2026-09-23T16:18:24.537Z  WARN 1 --- [http-nio-8080-exec-6] com.structurizr.view.Configuration       : The Structurizr cloud service will reach its End of Life (EOL) on 30 September 2026 and this theme will not be available: https://static.structurizr.com/themes/default/theme.json
2026-09-23T16:18:25.950Z  WARN 1 --- [http-nio-8080-exec-5] com.structurizr.view.Configuration       : The Structurizr cloud service will reach its End of Life (EOL) on 30 September 2026 and this theme will not be available: https://static.structurizr.com/themes/default/theme.json
2026-09-23T16:18:26.868Z  WARN 1 --- [http-nio-8080-exec-1] com.structurizr.view.Configuration       : The Structurizr cloud service will reach its End of Life (EOL) on 30 September 2026 and this theme will not be available: https://static.structurizr.com/themes/default/theme.json
2026-09-23T16:18:28.907Z  WARN 1 --- [http-nio-8080-exec-9] com.structurizr.view.Configuration       : The Structurizr cloud service will reach its End of Life (EOL) on 30 September 2026 and this theme will not be available: https://static.structurizr.com/themes/default/theme.json
2026-09-23T16:18:30.869Z  WARN 1 --- [http-nio-8080-exec-7] com.structurizr.view.Configuration       : The Structurizr cloud service will reach its End of Life (EOL) on 30 September 2026 and this theme will not be available: https://static.structurizr.com/themes/default/theme.json
2026-09-23T16:18:31.669Z  WARN 1 --- [http-nio-8080-exec-10] com.structurizr.view.Configuration       : The Structurizr cloud service will reach its End of Life (EOL) on 30 September 2026 and this theme will not be available: https://static.structurizr.com/themes/default/theme.json
2026-09-23T16:18:32.406Z  WARN 1 --- [http-nio-8080-exec-2] com.structurizr.view.Configuration       : The Structurizr cloud service will reach its End of Life (EOL) on 30 September 2026 and this theme will not be available: https://static.structurizr.com/themes/default/theme.json
2026-09-23T16:18:35.940Z  WARN 1 --- [http-nio-8080-exec-3] com.structurizr.view.Configuration       : The Structurizr cloud service will reach its End of Life (EOL) on 30 September 2026 and this theme will not be available: https://static.structurizr.com/themes/default/theme.json
2026-09-23T16:18:36.858Z  WARN 1 --- [http-nio-8080-exec-4] com.structurizr.view.Configuration       : The Structurizr cloud service will reach its End of Life (EOL) on 30 September 2026 and this theme will not be available: https://static.structurizr.com/themes/default/theme.json
2026-09-23T16:18:44.219Z  WARN 1 --- [http-nio-8080-exec-9] com.structurizr.view.Configuration       : The Structurizr cloud service will reach its End of Life (EOL) on 30 September 2026 and this theme will not be available: https://static.structurizr.com/themes/default/theme.json
2026-09-23T16:18:45.762Z  WARN 1 --- [http-nio-8080-exec-7] com.structurizr.view.Configuration       : The Structurizr cloud service will reach its End of Life (EOL) on 30 September 2026 and this theme will not be available: https://static.structurizr.com/themes/default/theme.json
2026-09-23T16:18:47.293Z  WARN 1 --- [http-nio-8080-exec-10] com.structurizr.view.Configuration       : The Structurizr cloud service will reach its End of Life (EOL) on 30 September 2026 and this theme will not be available: https://static.structurizr.com/themes/default/theme.json
2026-09-23T16:18:47.316Z  WARN 1 --- [http-nio-8080-exec-2] com.structurizr.view.Configuration       : The Structurizr cloud service will reach its End of Life (EOL) on 30 September 2026 and this theme will not be available: https://static.structurizr.com/themes/default/theme.json
2026-09-23T16:19:21.890Z  WARN 1 --- [http-nio-8080-exec-3] com.structurizr.view.Configuration       : The Structurizr cloud service will reach its End of Life (EOL) on 30 September 2026 and this theme will not be available: https://static.structurizr.com/themes/default/theme.json
2026-09-23T16:19:22.620Z  WARN 1 --- [http-nio-8080-exec-8] com.structurizr.view.Configuration       : The Structurizr cloud service will reach its End of Life (EOL) on 30 September 2026 and this theme will not be available: https://static.structurizr.com/themes/default/theme.json
2026-09-23T16:20:28.225Z  INFO 1 --- [main] com.structurizr.server.Local             : ***********************************************************************************
2026-09-23T16:20:28.228Z  INFO 1 --- [main] com.structurizr.server.Local             :   _____ _                   _              _          
2026-09-23T16:20:28.229Z  INFO 1 --- [main] com.structurizr.server.Local             :  / ____| |                 | |            (_)         
2026-09-23T16:20:28.229Z  INFO 1 --- [main] com.structurizr.server.Local             : | (___ | |_ _ __ _   _  ___| |_ _   _ _ __ _ _____ __ 
2026-09-23T16:20:28.229Z  INFO 1 --- [main] com.structurizr.server.Local             :  \___ \| __| '__| | | |/ __| __| | | | '__| |_  / '__|
2026-09-23T16:20:28.229Z  INFO 1 --- [main] com.structurizr.server.Local             :  ____) | |_| |  | |_| | (__| |_| |_| | |  | |/ /| |   
2026-09-23T16:20:28.229Z  INFO 1 --- [main] com.structurizr.server.Local             : |_____/ \__|_|   \__,_|\___|\__|\__,_|_|  |_/___|_|   
2026-09-23T16:20:28.229Z  INFO 1 --- [main] com.structurizr.server.Local             :                                                       
2026-09-23T16:20:28.230Z  INFO 1 --- [main] com.structurizr.server.Local             : Local v2026.09.19
2026-09-23T16:20:28.231Z  INFO 1 --- [main] com.structurizr.server.Local             : ***********************************************************************************
2026-09-23T16:20:28.232Z  INFO 1 --- [main] com.structurizr.server.Local             :  - structurizr.authentication: none
2026-09-23T16:20:28.233Z  INFO 1 --- [main] com.structurizr.server.Local             :  - structurizr.autorefreshinterval: 0
2026-09-23T16:20:28.233Z  INFO 1 --- [main] com.structurizr.server.Local             :  - structurizr.autosaveinterval: 5000
2026-09-23T16:20:28.233Z  INFO 1 --- [main] com.structurizr.server.Local             :  - structurizr.cache: none
2026-09-23T16:20:28.234Z  INFO 1 --- [main] com.structurizr.server.Local             :  - structurizr.data: file
2026-09-23T16:20:28.234Z  INFO 1 --- [main] com.structurizr.server.Local             :  - structurizr.datadirectory: /usr/local/structurizr
2026-09-23T16:20:28.234Z  INFO 1 --- [main] com.structurizr.server.Local             :  - structurizr.debug: false
2026-09-23T16:20:28.234Z  INFO 1 --- [main] com.structurizr.server.Local             :  - structurizr.editable: true
2026-09-23T16:20:28.235Z  INFO 1 --- [main] com.structurizr.server.Local             :  - structurizr.logging.filename: /usr/local/structurizr/.structurizr/logs/structurizr.log
2026-09-23T16:20:28.235Z  INFO 1 --- [main] com.structurizr.server.Local             :  - structurizr.network.timeout: 60000
2026-09-23T16:20:28.235Z  INFO 1 --- [main] com.structurizr.server.Local             :  - structurizr.network.urls.allowed: .*
2026-09-23T16:20:28.235Z  INFO 1 --- [main] com.structurizr.server.Local             :  - structurizr.search: lucene
2026-09-23T16:20:28.236Z  INFO 1 --- [main] com.structurizr.server.Local             :  - structurizr.themes: /usr/local/structurizr/themes/
2026-09-23T16:20:28.236Z  INFO 1 --- [main] com.structurizr.server.Local             :  - structurizr.workspace.maxsize: 1MB
2026-09-23T16:20:28.236Z  INFO 1 --- [main] com.structurizr.server.Local             :  - structurizr.workspace.threads: 10
2026-09-23T16:20:28.236Z  INFO 1 --- [main] com.structurizr.server.Local             :  - structurizr.workspaces: 1
2026-09-23T16:20:28.237Z  INFO 1 --- [main] com.structurizr.server.Local             : ***********************************************************************************
2026-09-23T16:20:28.237Z  INFO 1 --- [main] com.structurizr.server.Local             : Themes:
2026-09-23T16:20:28.237Z  INFO 1 --- [main] com.structurizr.server.Local             : ***********************************************************************************
2026-09-23T16:20:48.217Z  WARN 1 --- [pool-3-thread-1] com.structurizr.view.Configuration       : The Structurizr cloud service will reach its End of Life (EOL) on 30 September 2026 and this theme will not be available: https://static.structurizr.com/themes/default/theme.json
2026-09-23T16:20:48.320Z  WARN 1 --- [pool-4-thread-1] com.structurizr.view.Configuration       : The Structurizr cloud service will reach its End of Life (EOL) on 30 September 2026 and this theme will not be available: https://static.structurizr.com/themes/default/theme.json
2026-09-23T16:20:48.820Z  WARN 1 --- [pool-4-thread-1] com.structurizr.view.Configuration       : The Structurizr cloud service will reach its End of Life (EOL) on 30 September 2026 and this theme will not be available: https://static.structurizr.com/themes/default/theme.json
2026-09-23T16:21:20.149Z  WARN 1 --- [http-nio-8080-exec-2] com.structurizr.view.Configuration       : The Structurizr cloud service will reach its End of Life (EOL) on 30 September 2026 and this theme will not be available: https://static.structurizr.com/themes/default/theme.json
2026-09-23T16:21:36.088Z  WARN 1 --- [http-nio-8080-exec-9] com.structurizr.view.Configuration       : The Structurizr cloud service will reach its End of Life (EOL) on 30 September 2026 and this theme will not be available: https://static.structurizr.com/themes/default/theme.json
2026-09-23T16:21:36.136Z  WARN 1 --- [http-nio-8080-exec-9] com.structurizr.view.Configuration       : The Structurizr cloud service will reach its End of Life (EOL) on 30 September 2026 and this theme will not be available: https://static.structurizr.com/themes/default/theme.json
