2026-09-23T16:28:48.116Z  INFO 1 --- [main] com.structurizr.server.Local             : ***********************************************************************************
2026-09-23T16:28:48.124Z  INFO 1 --- [main] com.structurizr.server.Local             :   _____ _                   _              _          
2026-09-23T16:28:48.125Z  INFO 1 --- [main] com.structurizr.server.Local             :  / ____| |                 | |            (_)         
2026-09-23T16:28:48.125Z  INFO 1 --- [main] com.structurizr.server.Local             : | (___ | |_ _ __ _   _  ___| |_ _   _ _ __ _ _____ __ 
2026-09-23T16:28:48.125Z  INFO 1 --- [main] com.structurizr.server.Local             :  \___ \| __| '__| | | |/ __| __| | | | '__| |_  / '__|
2026-09-23T16:28:48.125Z  INFO 1 --- [main] com.structurizr.server.Local             :  ____) | |_| |  | |_| | (__| |_| |_| | |  | |/ /| |   
2026-09-23T16:28:48.125Z  INFO 1 --- [main] com.structurizr.server.Local             : |_____/ \__|_|   \__,_|\___|\__|\__,_|_|  |_/___|_|   
2026-09-23T16:28:48.125Z  INFO 1 --- [main] com.structurizr.server.Local             :                                                       
2026-09-23T16:28:48.128Z  INFO 1 --- [main] com.structurizr.server.Local             : Local v2026.09.19
2026-09-23T16:28:48.128Z  INFO 1 --- [main] com.structurizr.server.Local             : ***********************************************************************************
2026-09-23T16:28:48.129Z  INFO 1 --- [main] com.structurizr.server.Local             :  - structurizr.authentication: none
2026-09-23T16:28:48.133Z  INFO 1 --- [main] com.structurizr.server.Local             :  - structurizr.autorefreshinterval: 0
2026-09-23T16:28:48.134Z  INFO 1 --- [main] com.structurizr.server.Local             :  - structurizr.autosaveinterval: 5000
2026-09-23T16:28:48.136Z  INFO 1 --- [main] com.structurizr.server.Local             :  - structurizr.cache: none
2026-09-23T16:28:48.137Z  INFO 1 --- [main] com.structurizr.server.Local             :  - structurizr.data: file
2026-09-23T16:28:48.137Z  INFO 1 --- [main] com.structurizr.server.Local             :  - structurizr.datadirectory: /usr/local/structurizr
2026-09-23T16:28:48.137Z  INFO 1 --- [main] com.structurizr.server.Local             :  - structurizr.debug: false
2026-09-23T16:28:48.137Z  INFO 1 --- [main] com.structurizr.server.Local             :  - structurizr.editable: true
2026-09-23T16:28:48.138Z  INFO 1 --- [main] com.structurizr.server.Local             :  - structurizr.logging.filename: /usr/local/structurizr/.structurizr/logs/structurizr.log
2026-09-23T16:28:48.139Z  INFO 1 --- [main] com.structurizr.server.Local             :  - structurizr.network.timeout: 60000
2026-09-23T16:28:48.139Z  INFO 1 --- [main] com.structurizr.server.Local             :  - structurizr.network.urls.allowed: .*
2026-09-23T16:28:48.139Z  INFO 1 --- [main] com.structurizr.server.Local             :  - structurizr.search: lucene
2026-09-23T16:28:48.140Z  INFO 1 --- [main] com.structurizr.server.Local             :  - structurizr.themes: /usr/local/structurizr/themes/
2026-09-23T16:28:48.142Z  INFO 1 --- [main] com.structurizr.server.Local             :  - structurizr.workspace.maxsize: 1MB
2026-09-23T16:28:48.143Z  INFO 1 --- [main] com.structurizr.server.Local             :  - structurizr.workspace.threads: 10
2026-09-23T16:28:48.143Z  INFO 1 --- [main] com.structurizr.server.Local             :  - structurizr.workspaces: 1
2026-09-23T16:28:48.143Z  INFO 1 --- [main] com.structurizr.server.Local             : ***********************************************************************************
2026-09-23T16:28:48.143Z  INFO 1 --- [main] com.structurizr.server.Local             : Themes:
2026-09-23T16:28:48.144Z  INFO 1 --- [main] com.structurizr.server.Local             : ***********************************************************************************
2026-09-23T16:29:17.821Z  INFO 1 --- [SpringApplicationShutdownHook] com.structurizr.server.AbstractServer    : ********************************************************
2026-09-23T16:29:17.824Z  INFO 1 --- [SpringApplicationShutdownHook] com.structurizr.server.AbstractServer    :  Stopping Structurizr
2026-09-23T16:29:17.824Z  INFO 1 --- [SpringApplicationShutdownHook] com.structurizr.server.AbstractServer    : ********************************************************
2026-09-23T16:29:24.862Z  INFO 1 --- [main] com.structurizr.server.Local             : ***********************************************************************************
2026-09-23T16:29:24.864Z  INFO 1 --- [main] com.structurizr.server.Local             :   _____ _                   _              _          
2026-09-23T16:29:24.865Z  INFO 1 --- [main] com.structurizr.server.Local             :  / ____| |                 | |            (_)         
2026-09-23T16:29:24.865Z  INFO 1 --- [main] com.structurizr.server.Local             : | (___ | |_ _ __ _   _  ___| |_ _   _ _ __ _ _____ __ 
2026-09-23T16:29:24.865Z  INFO 1 --- [main] com.structurizr.server.Local             :  \___ \| __| '__| | | |/ __| __| | | | '__| |_  / '__|
2026-09-23T16:29:24.865Z  INFO 1 --- [main] com.structurizr.server.Local             :  ____) | |_| |  | |_| | (__| |_| |_| | |  | |/ /| |   
2026-09-23T16:29:24.865Z  INFO 1 --- [main] com.structurizr.server.Local             : |_____/ \__|_|   \__,_|\___|\__|\__,_|_|  |_/___|_|   
2026-09-23T16:29:24.866Z  INFO 1 --- [main] com.structurizr.server.Local             :                                                       
2026-09-23T16:29:24.867Z  INFO 1 --- [main] com.structurizr.server.Local             : Local v2026.09.19
2026-09-23T16:29:24.867Z  INFO 1 --- [main] com.structurizr.server.Local             : ***********************************************************************************
2026-09-23T16:29:24.868Z  INFO 1 --- [main] com.structurizr.server.Local             :  - structurizr.authentication: none
2026-09-23T16:29:24.868Z  INFO 1 --- [main] com.structurizr.server.Local             :  - structurizr.autorefreshinterval: 0
2026-09-23T16:29:24.868Z  INFO 1 --- [main] com.structurizr.server.Local             :  - structurizr.autosaveinterval: 5000
2026-09-23T16:29:24.869Z  INFO 1 --- [main] com.structurizr.server.Local             :  - structurizr.cache: none
2026-09-23T16:29:24.869Z  INFO 1 --- [main] com.structurizr.server.Local             :  - structurizr.data: file
2026-09-23T16:29:24.869Z  INFO 1 --- [main] com.structurizr.server.Local             :  - structurizr.datadirectory: /usr/local/structurizr
2026-09-23T16:29:24.870Z  INFO 1 --- [main] com.structurizr.server.Local             :  - structurizr.debug: false
2026-09-23T16:29:24.870Z  INFO 1 --- [main] com.structurizr.server.Local             :  - structurizr.editable: true
2026-09-23T16:29:24.870Z  INFO 1 --- [main] com.structurizr.server.Local             :  - structurizr.logging.filename: /usr/local/structurizr/.structurizr/logs/structurizr.log
2026-09-23T16:29:24.870Z  INFO 1 --- [main] com.structurizr.server.Local             :  - structurizr.network.timeout: 60000
2026-09-23T16:29:24.871Z  INFO 1 --- [main] com.structurizr.server.Local             :  - structurizr.network.urls.allowed: .*
2026-09-23T16:29:24.871Z  INFO 1 --- [main] com.structurizr.server.Local             :  - structurizr.search: lucene
2026-09-23T16:29:24.871Z  INFO 1 --- [main] com.structurizr.server.Local             :  - structurizr.themes: /usr/local/structurizr/themes/
2026-09-23T16:29:24.872Z  INFO 1 --- [main] com.structurizr.server.Local             :  - structurizr.workspace.maxsize: 1MB
2026-09-23T16:29:24.872Z  INFO 1 --- [main] com.structurizr.server.Local             :  - structurizr.workspace.threads: 10
2026-09-23T16:29:24.872Z  INFO 1 --- [main] com.structurizr.server.Local             :  - structurizr.workspaces: 1
2026-09-23T16:29:24.872Z  INFO 1 --- [main] com.structurizr.server.Local             : ***********************************************************************************
2026-09-23T16:29:24.873Z  INFO 1 --- [main] com.structurizr.server.Local             : Themes:
2026-09-23T16:29:24.873Z  INFO 1 --- [main] com.structurizr.server.Local             : ***********************************************************************************
2026-09-23T16:30:04.154Z  INFO 1 --- [SpringApplicationShutdownHook] com.structurizr.server.AbstractServer    : ********************************************************
2026-09-23T16:30:04.155Z  INFO 1 --- [SpringApplicationShutdownHook] com.structurizr.server.AbstractServer    :  Stopping Structurizr
2026-09-23T16:30:04.155Z  INFO 1 --- [SpringApplicationShutdownHook] com.structurizr.server.AbstractServer    : ********************************************************
